----------------------------------------------------------------------------------
                      time_design_signoff Summary
----------------------------------------------------------------------------------

+--------------------+-----------+-----------+-----------+-----------+-----------+
|     Setup mode     |   all     | reg2reg   |  in2reg   | reg2out   |  in2out   |
+--------------------+-----------+-----------+-----------+-----------+-----------+
|           WNS (ns):|     0.085 |     0.085 |     0.486 |     9.062 |       N/A |
|           TNS (ns):|     0.000 |     0.000 |     0.000 |     0.000 |       N/A |
|    Violating Paths:|         0 |         0 |         0 |         0 |         0 |
+--------------------+-----------+-----------+-----------+-----------+-----------+
|WC_av               |     2.077 |     3.263 |     2.077 |     9.062 |       N/A |
|                    |     0.000 |     0.000 |     0.000 |     0.000 |       N/A |
|                    |         0 |         0 |         0 |         0 |         0 |
+--------------------+-----------+-----------+-----------+-----------+-----------+
|WCL_av              |     0.085 |     0.085 |     0.486 |    10.551 |       N/A |
|                    |     0.000 |     0.000 |     0.000 |     0.000 |       N/A |
|                    |         0 |         0 |         0 |         0 |         0 |
+--------------------+-----------+-----------+-----------+-----------+-----------+
|WCZ_av              |     0.645 |     0.912 |     0.645 |    10.195 |       N/A |
|                    |     0.000 |     0.000 |     0.000 |     0.000 |       N/A |
|                    |         0 |         0 |         0 |         0 |         0 |
+--------------------+-----------+-----------+-----------+-----------+-----------+
|ML_av               |     9.999 |    14.147 |     9.999 |    11.344 |       N/A |
|                    |     0.000 |     0.000 |     0.000 |     0.000 |       N/A |
|                    |         0 |         0 |         0 |         0 |         0 |
+--------------------+-----------+-----------+-----------+-----------+-----------+
|LT_av               |    10.394 |    14.473 |    10.394 |    12.441 |       N/A |
|                    |     0.000 |     0.000 |     0.000 |     0.000 |       N/A |
|                    |         0 |         0 |         0 |         0 |         0 |
+--------------------+-----------+-----------+-----------+-----------+-----------+

+----------------+-------------------------------+-------------------------------+
|                |         Signal nets           |            Clock nets         |
|    DRVs        +------------------+------------+------------------+------------+
|                |  Nr nets(terms)  | Worst Vio  |  Nr nets(terms)  | Worst Vio  |
+----------------+------------------+------------+------------------+------------+
|   max_cap      |      0 (      0) |          0 |      0 (      0) |          0 |
|   max_tran     |     10 (     19) |     -4.778 |      0 (      0) |          0 |
|   max_fanout   |      0 (      0) |          0 |      0 (      0) |          0 |
+----------------+------------------+------------+------------------+------------+

+--------------------+-----------+-----------+-----------+-----------+-----------+
|      Hold mode     |   all     | reg2reg   |  in2reg   | reg2out   |  in2out   |
+--------------------+-----------+-----------+-----------+-----------+-----------+
|           WNS (ns):|     0.011 |     0.011 |     5.474 |     7.211 |       N/A |
|           TNS (ns):|     0.000 |     0.000 |     0.000 |     0.000 |       N/A |
|    Violating Paths:|         0 |         0 |         0 |         0 |         0 |
+--------------------+-----------+-----------+-----------+-----------+-----------+
|BC_av               |     0.014 |     0.014 |     5.508 |     7.473 |       N/A |
|                    |     0.000 |     0.000 |     0.000 |     0.000 |       N/A |
|                    |         0 |         0 |         0 |         0 |         0 |
+--------------------+-----------+-----------+-----------+-----------+-----------+
|LT_av               |     0.011 |     0.011 |     5.474 |     7.211 |       N/A |
|                    |     0.000 |     0.000 |     0.000 |     0.000 |       N/A |
|                    |         0 |         0 |         0 |         0 |         0 |
+--------------------+-----------+-----------+-----------+-----------+-----------+
|ML_av               |     0.016 |     0.016 |     5.615 |     8.170 |       N/A |
|                    |     0.000 |     0.000 |     0.000 |     0.000 |       N/A |
|                    |         0 |         0 |         0 |         0 |         0 |
+--------------------+-----------+-----------+-----------+-----------+-----------+

