    Hinst Name                                                                                                   Module Name                                                                                                                                                                                                                                                                                                                                   Inst Count           Total Area
-------------------------------------------------------------------------------------------------------------------------------------------------------------------------------------------------------------------------------------------------------------------------------------------------------------------------------------------------------------------------------------------------------------------------------------------------------------------------------------------
mtm_riscv_chip                                                                                                                                                                                                                                                                                                                                                                                                                                                      39545           411192.389
 u_mtm_riscv_soc_wrapper                                                                                         mtm_riscv_soc_wrapper                                                                                                                                                                                                                                                                                                                              39497           228776.336
  u_mtm_riscv_soc_wrapper/u_mtm_riscv_soc                                                                        mtm_riscv_soc_gpio_bus_soc_gpio_bus_master_spi_bus_soc_spi_bus_master_uart_bus_soc_uart_bus_master_pm_ctrl_soc_pm_ctrl_master_pm_data_soc_pm_data_master_pm_analog_config_soc_pm_analog_config_master_pm_digital_config_soc_pm_digital_config_master                                                                                               39497           228776.336
   u_mtm_riscv_soc_wrapper/u_mtm_riscv_soc/u_core_cs_registers_i                                                 ibex_cs_registers_DbgTriggerEn0_DbgHwBreakNum1_DataIndTiming0_DummyInstructions0_ShadowCSR0_ICache0_MHPMCounterNum0_MHPMCounterWidth40_PMPEnable0_PMPGranularity0_PMPNumRegions4_RV32E0_RV32M2_RV32B2                                                                                                                                               1412             3680.410
    u_mtm_riscv_soc_wrapper/u_mtm_riscv_soc/u_core_cs_registers_i/u_dcsr_csr                                     ibex_csr_Width32_ShadowCopy0_ResetValue1073741827                                                                                                                                                                                                                                                                                                     32              180.634
    u_mtm_riscv_soc_wrapper/u_mtm_riscv_soc/u_core_cs_registers_i/u_depc_csr                                     ibex_csr_Width32_ShadowCopy0_ResetValue0_35352                                                                                                                                                                                                                                                                                                        31              174.989
    u_mtm_riscv_soc_wrapper/u_mtm_riscv_soc/u_core_cs_registers_i/u_dscratch0_csr                                ibex_csr_Width32_ShadowCopy0_ResetValue0_35351                                                                                                                                                                                                                                                                                                        32              180.634
    u_mtm_riscv_soc_wrapper/u_mtm_riscv_soc/u_core_cs_registers_i/u_dscratch1_csr                                ibex_csr_Width32_ShadowCopy0_ResetValue0_35350                                                                                                                                                                                                                                                                                                        32              180.634
    u_mtm_riscv_soc_wrapper/u_mtm_riscv_soc/u_core_cs_registers_i/u_mcause_csr                                   ibex_csr_Width6_ShadowCopy0_ResetValue0                                                                                                                                                                                                                                                                                                                6               33.869
    u_mtm_riscv_soc_wrapper/u_mtm_riscv_soc/u_core_cs_registers_i/u_mepc_csr                                     ibex_csr_Width32_ShadowCopy0_ResetValue0                                                                                                                                                                                                                                                                                                              32              175.518
    u_mtm_riscv_soc_wrapper/u_mtm_riscv_soc/u_core_cs_registers_i/u_mie_csr                                      ibex_csr_Width18_ShadowCopy0_ResetValue0                                                                                                                                                                                                                                                                                                              18              101.606
    u_mtm_riscv_soc_wrapper/u_mtm_riscv_soc/u_core_cs_registers_i/u_mscratch_csr                                 ibex_csr_Width32_ShadowCopy0_ResetValue0_35354                                                                                                                                                                                                                                                                                                        33              181.163
    u_mtm_riscv_soc_wrapper/u_mtm_riscv_soc/u_core_cs_registers_i/u_mstatus_csr                                  ibex_csr_Width6_ShadowCopy0_ResetValue16                                                                                                                                                                                                                                                                                                               6               33.869
    u_mtm_riscv_soc_wrapper/u_mtm_riscv_soc/u_core_cs_registers_i/u_mtval_csr                                    ibex_csr_Width32_ShadowCopy0_ResetValue0_35353                                                                                                                                                                                                                                                                                                        32              180.634
    u_mtm_riscv_soc_wrapper/u_mtm_riscv_soc/u_core_cs_registers_i/u_mtvec_csr                                    ibex_csr_Width32_ShadowCopy0_ResetValue1                                                                                                                                                                                                                                                                                                              24              135.475
   u_mtm_riscv_soc_wrapper/u_mtm_riscv_soc/u_core_ex_block_i_alu_i                                               ibex_alu_RV32B2                                                                                                                                                                                                                                                                                                                                     3562             5108.897
   u_mtm_riscv_soc_wrapper/u_mtm_riscv_soc/u_core_ex_block_i_gen_multdiv_fast.multdiv_i                          ibex_multdiv_fast_RV32M2                                                                                                                                                                                                                                                                                                                            1266             2503.645
   u_mtm_riscv_soc_wrapper/u_mtm_riscv_soc/u_core_gen_regfile_fpga.register_file_i                               ibex_register_file_fpga_RV32E0_DataWidth32_DummyInstructions0                                                                                                                                                                                                                                                                                       2533             6731.953
   u_mtm_riscv_soc_wrapper/u_mtm_riscv_soc/u_core_id_stage_i                                                     ibex_id_stage_RV32E0_RV32M2_RV32B2_DataIndTiming0_BranchTargetALU1_SpecBranch0_WritebackStage0_BranchPredictor0                                                                                                                                                                                                                                      866             1377.684
    u_mtm_riscv_soc_wrapper/u_mtm_riscv_soc/u_core_id_stage_i/controller_i                                       ibex_controller_WritebackStage0_BranchPredictor0                                                                                                                                                                                                                                                                                                     182              225.086
    u_mtm_riscv_soc_wrapper/u_mtm_riscv_soc/u_core_id_stage_i/decoder_i                                          ibex_decoder_RV32E0_RV32M2_RV32B2_BranchTargetALU1                                                                                                                                                                                                                                                                                                   376              397.958
   u_mtm_riscv_soc_wrapper/u_mtm_riscv_soc/u_core_if_stage_i                                                     ibex_if_stage_DmHaltAddr0_DmExceptionAddr0_DummyInstructions0_ICache0_ICacheECC0_PCIncrCheck0_BranchPredictor0                                                                                                                                                                                                                                      1010             2310.840
    u_mtm_riscv_soc_wrapper/u_mtm_riscv_soc/u_core_if_stage_i/compressed_decoder_i                               ibex_compressed_decoder                                                                                                                                                                                                                                                                                                                              270              278.888
    u_mtm_riscv_soc_wrapper/u_mtm_riscv_soc/u_core_if_stage_i/gen_prefetch_buffer.prefetch_buffer_i              ibex_prefetch_buffer_BranchPredictor0                                                                                                                                                                                                                                                                                                                579             1513.336
     u_mtm_riscv_soc_wrapper/u_mtm_riscv_soc/u_core_if_stage_i/gen_prefetch_buffer.prefetch_buffer_i/fifo_i      ibex_fetch_fifo_NUM_REQS2                                                                                                                                                                                                                                                                                                                            371              962.438
   u_mtm_riscv_soc_wrapper/u_mtm_riscv_soc/u_core_load_store_unit_i                                              ibex_load_store_unit                                                                                                                                                                                                                                                                                                                                 328              724.651
   u_mtm_riscv_soc_wrapper/u_mtm_riscv_soc/u_peripherals                                                         peripherals_instr_bus_ibex_instr_bus_slave_data_bus_ibex_data_bus_slave_gpio_bus_soc_gpio_bus_master_spi_bus_soc_spi_bus_master_timer_bus_soc_timer_bus_master_uart_bus_soc_uart_bus_master_pm_ctrl_soc_pm_ctrl_master_pm_data_soc_pm_data_master_pm_analog_config_soc_pm_analog_config_master_pm_digital_config_soc_pm_digital_config_master      28211           205762.663
    u_mtm_riscv_soc_wrapper/u_mtm_riscv_soc/u_peripherals/u_boot_rom_u_boot_mem                                  boot_mem                                                                                                                                                                                                                                                                                                                                            1478             1702.789
    u_mtm_riscv_soc_wrapper/u_mtm_riscv_soc/u_peripherals/u_code_ram_u_ram                                       ram                                                                                                                                                                                                                                                                                                                                                   11            66213.857
    u_mtm_riscv_soc_wrapper/u_mtm_riscv_soc/u_peripherals/u_data_ram                                             data_ram_data_bus_ibex_data_bus_slave                                                                                                                                                                                                                                                                                                                 13            66218.620
     u_mtm_riscv_soc_wrapper/u_mtm_riscv_soc/u_peripherals/u_data_ram/u_ram                                      ram_35356                                                                                                                                                                                                                                                                                                                                             11            66213.857
    u_mtm_riscv_soc_wrapper/u_mtm_riscv_soc/u_peripherals/u_gpio                                                 gpio_data_bus_ibex_data_bus_slave_gpio_bus_soc_gpio_bus_master                                                                                                                                                                                                                                                                                       499             1738.951
     u_mtm_riscv_soc_wrapper/u_mtm_riscv_soc/u_peripherals/u_gpio/u_gpio_interrupt_detector_u_edge_detector[0]   edge_detector_31                                                                                                                                                                                                                                                                                                                                       4               13.936
     u_mtm_riscv_soc_wrapper/u_mtm_riscv_soc/u_peripherals/u_gpio/u_gpio_interrupt_detector_u_edge_detector[1]   edge_detector_31_35348                                                                                                                                                                                                                                                                                                                                 4               13.936
     u_mtm_riscv_soc_wrapper/u_mtm_riscv_soc/u_peripherals/u_gpio/u_gpio_interrupt_detector_u_edge_detector[2]   edge_detector_31_35347                                                                                                                                                                                                                                                                                                                                 4               13.936
     u_mtm_riscv_soc_wrapper/u_mtm_riscv_soc/u_peripherals/u_gpio/u_gpio_interrupt_detector_u_edge_detector[3]   edge_detector_31_35346                                                                                                                                                                                                                                                                                                                                 4               13.936
     u_mtm_riscv_soc_wrapper/u_mtm_riscv_soc/u_peripherals/u_gpio/u_gpio_offset_decoder                          gpio_offset_decoder                                                                                                                                                                                                                                                                                                                                    9               12.877
    u_mtm_riscv_soc_wrapper/u_mtm_riscv_soc/u_peripherals/u_pmc                                                  pmc_data_bus_ibex_data_bus_slave_pm_ctrl_soc_pm_ctrl_master_pm_data_soc_pm_data_master_pm_analog_config_soc_pm_analog_config_master_pm_digital_config_soc_pm_digital_config_master                                                                                                                                                                 24243            64399.583
     u_mtm_riscv_soc_wrapper/u_mtm_riscv_soc/u_peripherals/u_pmc/u_pmc_ac                                        pmc_ac_data_bus_ibex_data_bus_slave_pm_analog_config_soc_pm_analog_config_master                                                                                                                                                                                                                                                                     240             1002.658
      u_mtm_riscv_soc_wrapper/u_mtm_riscv_soc/u_peripherals/u_pmc/u_pmc_ac/u_pmc_ac_offset_decoder               pmc_ac_offset_decoder                                                                                                                                                                                                                                                                                                                                  4                6.350
     u_mtm_riscv_soc_wrapper/u_mtm_riscv_soc/u_peripherals/u_pmc/u_pmc_dc                                        pmc_dc_data_bus_ibex_data_bus_slave_pm_digital_config_soc_pm_digital_config_master                                                                                                                                                                                                                                                                    69              367.088
      u_mtm_riscv_soc_wrapper/u_mtm_riscv_soc/u_peripherals/u_pmc/u_pmc_dc/u_pmc_dc_offset_decoder               pmc_dc_offset_decoder                                                                                                                                                                                                                                                                                                                                  3                3.175
     u_mtm_riscv_soc_wrapper/u_mtm_riscv_soc/u_peripherals/u_pmc/u_pmc_offset_decoder                            pmc_offset_decoder                                                                                                                                                                                                                                                                                                                                    27               31.576
     u_mtm_riscv_soc_wrapper/u_mtm_riscv_soc/u_peripherals/u_pmc/u_pmcc_code_ram_u_pmcc_dpram                    pmcc_dpram                                                                                                                                                                                                                                                                                                                                         22747            59605.736
     u_mtm_riscv_soc_wrapper/u_mtm_riscv_soc/u_peripherals/u_pmc/u_pmcc_u_pmcc_instr_decoder                     pmcc_instr_decoder                                                                                                                                                                                                                                                                                                                                     6                5.821
     u_mtm_riscv_soc_wrapper/u_mtm_riscv_soc/u_peripherals/u_pmc/u_pmcc_u_pmcc_loop_controller                   pmcc_loop_controller                                                                                                                                                                                                                                                                                                                                 643             1897.182
      u_mtm_riscv_soc_wrapper/u_mtm_riscv_soc/u_peripherals/u_pmc/u_pmcc_u_pmcc_loop_controller/u_pmcc_loop_lifo pmcc_loop_lifo                                                                                                                                                                                                                                                                                                                                       475             1550.380
     u_mtm_riscv_soc_wrapper/u_mtm_riscv_soc/u_peripherals/u_pmc/u_pmcc_u_pmcc_matrix_controller                 pmcc_matrix_controller_pm_ctrl_soc_pm_ctrl_master                                                                                                                                                                                                                                                                                                     17               91.375
     u_mtm_riscv_soc_wrapper/u_mtm_riscv_soc/u_peripherals/u_pmc/u_pmcc_u_pmcc_wait_controller                   pmcc_wait_controller                                                                                                                                                                                                                                                                                                                                   1                1.058
    u_mtm_riscv_soc_wrapper/u_mtm_riscv_soc/u_peripherals/u_spi                                                  spi_data_bus_ibex_data_bus_slave_spi_bus_soc_spi_bus_master                                                                                                                                                                                                                                                                                          528             1638.932
     u_mtm_riscv_soc_wrapper/u_mtm_riscv_soc/u_peripherals/u_spi/u_spi_master                                    spi_master                                                                                                                                                                                                                                                                                                                                           168              401.839
      u_mtm_riscv_soc_wrapper/u_mtm_riscv_soc/u_peripherals/u_spi/u_spi_master/u_serial_clock_generator          serial_clock_generator                                                                                                                                                                                                                                                                                                                                55              145.706
    u_mtm_riscv_soc_wrapper/u_mtm_riscv_soc/u_peripherals/u_timer                                                timer_data_bus_ibex_data_bus_slave_timer_bus_soc_timer_bus_master                                                                                                                                                                                                                                                                                    399             1357.222
     u_mtm_riscv_soc_wrapper/u_mtm_riscv_soc/u_peripherals/u_timer/u_timer_core                                  timer_core                                                                                                                                                                                                                                                                                                                                           146              358.445
     u_mtm_riscv_soc_wrapper/u_mtm_riscv_soc/u_peripherals/u_timer/u_timer_offset_decoder                        timer_offset_decoder                                                                                                                                                                                                                                                                                                                                   8               11.819
    u_mtm_riscv_soc_wrapper/u_mtm_riscv_soc/u_peripherals/u_uart                                                 uart_data_bus_ibex_data_bus_slave_uart_bus_soc_uart_bus_master                                                                                                                                                                                                                                                                                       531             1681.974
     u_mtm_riscv_soc_wrapper/u_mtm_riscv_soc/u_peripherals/u_uart/u_serial_clock_generator                       serial_clock_generator_2126                                                                                                                                                                                                                                                                                                                           53              141.473
     u_mtm_riscv_soc_wrapper/u_mtm_riscv_soc/u_peripherals/u_uart/u_uart_receiver                                uart_receiver                                                                                                                                                                                                                                                                                                                                         62              169.697
     u_mtm_riscv_soc_wrapper/u_mtm_riscv_soc/u_peripherals/u_uart/u_uart_transmitter                             uart_transmitter                                                                                                                                                                                                                                                                                                                                      52              130.536
 u_pads_in                                                                                                       pads_in                                                                                                                                                                                                                                                                                                                                                8            45600.000
 u_pads_out                                                                                                      pads_out                                                                                                                                                                                                                                                                                                                                              25            51316.052
 u_pads_pwr                                                                                                      pads_pwr                                                                                                                                                                                                                                                                                                                                              15            85500.000
